// Jest Snapshot v1, https://goo.gl/fbAQLP

exports[`snapshot testing should render Container with children correctly 1`] = `
<div
  className="makeStyles-root-1"
>
  <div>
    Testing content
  </div>
</div>
`;
